{
  "exclude": {
    "files": "go.[mod|sum]|^.secrets.baseline$",
    "lines": null
  },
  "generated_at": "2021-08-10T15:04:58Z",
  "plugins_used": [
    {
      "name": "AWSKeyDetector"
    },
    {
      "name": "ArtifactoryDetector"
    },
    {
      "base64_limit": 4.5,
      "name": "Base64HighEntropyString"
    },
    {
      "name": "BasicAuthDetector"
    },
    {
      "name": "BoxDetector"
    },
    {
      "name": "CloudantDetector"
    },
    {
      "ghe_instance": "github.ibm.com",
      "name": "GheDetector"
    },
    {
      "hex_limit": 3,
      "name": "HexHighEntropyString"
    },
    {
      "name": "IbmCloudIamDetector"
    },
    {
      "name": "IbmCosHmacDetector"
    },
    {
      "name": "JwtTokenDetector"
    },
    {
      "keyword_exclude": null,
      "name": "KeywordDetector"
    },
    {
      "name": "MailchimpDetector"
    },
    {
      "name": "PrivateKeyDetector"
    },
    {
      "name": "SlackDetector"
    },
    {
      "name": "SoftlayerDetector"
    },
    {
      "name": "StripeDetector"
    },
    {
      "name": "TwilioKeyDetector"
    }
  ],
  "results": {
    "README.md": [
      {
        "hashed_secret": "558a7ad4f8fc9da971af2044dda6fddcade22538",
        "is_secret": false,
        "is_verified": false,
        "line_number": 88,
        "type": "Secret Keyword",
        "verified_result": null
      },
      {
        "hashed_secret": "4c620a0c187918454a248caff96841adb92432e3",
        "is_secret": false,
        "is_verified": false,
        "line_number": 95,
        "type": "Secret Keyword",
        "verified_result": null
      }
    ],
    "server.key": [
      {
        "hashed_secret": "be4fc4886bd949b369d5e092eb87494f12e57e5b",
        "is_secret": false,
        "is_verified": false,
        "line_number": 1,
        "type": "Private Key",
        "verified_result": null
      }
    ],
    "testDefs/data.go": [
      {
        "hashed_secret": "2e6fa6d52ced0836a55bfe7713ccdd86c504acaf",
        "is_secret": false,
        "is_verified": false,
        "line_number": 143,
        "type": "Hex High Entropy String",
        "verified_result": null
      },
      {
        "hashed_secret": "154d8cb197f5677dbf056684c6e71f9b81f8a57a",
        "is_secret": false,
        "is_verified": false,
        "line_number": 147,
        "type": "Hex High Entropy String",
        "verified_result": null
      }
    ],
    "testDefs/rm.go": [
      {
        "hashed_secret": "ae5edc5fcbbdc3cd23a6e26b31116b02850513eb",
        "is_secret": false,
        "is_verified": false,
        "line_number": 62,
        "type": "Base64 High Entropy String",
        "verified_result": null
      }
    ],
    "testutils/testSetup.go": [
      {
        "hashed_secret": "1de2f05fc6a320276871694605646ff199e69b7a",
        "is_secret": false,
        "is_verified": false,
        "line_number": 30,
        "type": "Secret Keyword",
        "verified_result": null
      }
    ]
  },
  "version": "0.13.1+ibm.40.dss",
  "word_list": {
    "file": null,
    "hash": null
  }
}
